2026-01-13 21:53:13,321 INFO o.a.j.u.JMeterUtils: Setting Locale to en_EN
2026-01-13 21:53:13,342 INFO o.a.j.JMeter: Loading user properties from: /media/Data/OneDrive-HCMUS/Documents/Testing/apache-jmeter-5.6.3/bin/user.properties
2026-01-13 21:53:13,343 INFO o.a.j.JMeter: Loading system properties from: /media/Data/OneDrive-HCMUS/Documents/Testing/apache-jmeter-5.6.3/bin/system.properties
2026-01-13 21:53:13,344 INFO o.a.j.JMeter: Setting JMeter property: threads=10
2026-01-13 21:53:13,344 INFO o.a.j.JMeter: Setting JMeter property: rampup=10
2026-01-13 21:53:13,344 INFO o.a.j.JMeter: Setting JMeter property: loop=10
2026-01-13 21:53:13,344 INFO o.a.j.JMeter: Setting JMeter property: cookie=_orangehrm=hu015hmrqut1sl7m4ggg1s2amh
2026-01-13 21:53:13,348 INFO o.a.j.JMeter: Copyright (c) 1998-2024 The Apache Software Foundation
2026-01-13 21:53:13,348 INFO o.a.j.JMeter: Version 5.6.3
2026-01-13 21:53:13,349 INFO o.a.j.JMeter: java.version=21.0.9
2026-01-13 21:53:13,349 INFO o.a.j.JMeter: java.vm.name=OpenJDK 64-Bit Server VM
2026-01-13 21:53:13,349 INFO o.a.j.JMeter: os.name=Linux
2026-01-13 21:53:13,349 INFO o.a.j.JMeter: os.arch=amd64
2026-01-13 21:53:13,349 INFO o.a.j.JMeter: os.version=6.17.0-8-generic
2026-01-13 21:53:13,349 INFO o.a.j.JMeter: file.encoding=UTF-8
2026-01-13 21:53:13,349 INFO o.a.j.JMeter: java.awt.headless=true
2026-01-13 21:53:13,349 INFO o.a.j.JMeter: Max memory     =1073741824
2026-01-13 21:53:13,349 INFO o.a.j.JMeter: Available Processors =8
2026-01-13 21:53:13,358 INFO o.a.j.JMeter: Default Locale=English (EN)
2026-01-13 21:53:13,359 INFO o.a.j.JMeter: JMeter  Locale=English (EN)
2026-01-13 21:53:13,359 INFO o.a.j.JMeter: JMeterHome=/media/Data/OneDrive-HCMUS/Documents/Testing/apache-jmeter-5.6.3
2026-01-13 21:53:13,359 INFO o.a.j.JMeter: user.dir  =/media/Data/OneDrive-HCMUS/Documents/Testing/testing-project/tien.pt
2026-01-13 21:53:13,359 INFO o.a.j.JMeter: PWD       =/media/Data/OneDrive-HCMUS/Documents/Testing/testing-project/tien.pt
2026-01-13 21:53:13,359 INFO o.a.j.JMeter: IP: 127.0.1.1 Name: phanttien-msi-modern15 FullName: phanttien-msi-modern15
2026-01-13 21:53:13,372 INFO o.a.j.s.FileServer: Default base='/media/Data/OneDrive-HCMUS/Documents/Testing/testing-project/tien.pt'
2026-01-13 21:53:13,374 INFO o.a.j.s.FileServer: Set new base='/media/Data/OneDrive-HCMUS/Documents/Testing/testing-project/tien.pt/req6'
2026-01-13 21:53:13,519 INFO o.a.j.s.SaveService: Testplan (JMX) version: 2.2. Testlog (JTL) version: 2.2
2026-01-13 21:53:13,542 INFO o.a.j.s.SaveService: Using SaveService properties version 5.0
2026-01-13 21:53:13,545 INFO o.a.j.s.SaveService: Using SaveService properties file encoding UTF-8
2026-01-13 21:53:13,547 INFO o.a.j.s.SaveService: Loading file: req6/performance_test.jmx
2026-01-13 21:53:13,589 INFO o.a.j.p.h.s.HTTPSamplerBase: Parser for text/html is org.apache.jmeter.protocol.http.parser.LagartoBasedHtmlParser
2026-01-13 21:53:13,589 INFO o.a.j.p.h.s.HTTPSamplerBase: Parser for application/xhtml+xml is org.apache.jmeter.protocol.http.parser.LagartoBasedHtmlParser
2026-01-13 21:53:13,589 INFO o.a.j.p.h.s.HTTPSamplerBase: Parser for application/xml is org.apache.jmeter.protocol.http.parser.LagartoBasedHtmlParser
2026-01-13 21:53:13,589 INFO o.a.j.p.h.s.HTTPSamplerBase: Parser for text/xml is org.apache.jmeter.protocol.http.parser.LagartoBasedHtmlParser
2026-01-13 21:53:13,589 INFO o.a.j.p.h.s.HTTPSamplerBase: Parser for text/vnd.wap.wml is org.apache.jmeter.protocol.http.parser.RegexpHTMLParser
2026-01-13 21:53:13,590 INFO o.a.j.p.h.s.HTTPSamplerBase: Parser for text/css is org.apache.jmeter.protocol.http.parser.CssParser
2026-01-13 21:53:13,613 INFO o.a.j.JMeter: Creating summariser <summary>
2026-01-13 21:53:13,624 INFO o.a.j.e.StandardJMeterEngine: Running the test!
2026-01-13 21:53:13,625 INFO o.a.j.s.SampleEvent: List of sample_variables: []
2026-01-13 21:53:13,625 INFO o.a.j.s.SampleEvent: List of sample_variables: []
2026-01-13 21:53:13,627 INFO o.a.j.e.u.CompoundVariable: Note: Function class names must contain the string: '.functions.'
2026-01-13 21:53:13,627 INFO o.a.j.e.u.CompoundVariable: Note: Function class names must not contain the string: '.gui.'
2026-01-13 21:53:13,693 INFO o.a.j.JMeter: Running test (1768315993693)
2026-01-13 21:53:13,708 INFO o.a.j.e.StandardJMeterEngine: Starting ThreadGroup: 1 : Candidate Creation Thread Group
2026-01-13 21:53:13,708 INFO o.a.j.e.StandardJMeterEngine: Starting 10 threads for group Candidate Creation Thread Group.
2026-01-13 21:53:13,708 INFO o.a.j.e.StandardJMeterEngine: Thread will continue on error
2026-01-13 21:53:13,708 INFO o.a.j.t.ThreadGroup: Starting thread group... number=1 threads=10 ramp-up=10 delayedStart=false
2026-01-13 21:53:13,714 INFO o.a.j.t.ThreadGroup: Started thread group number 1
2026-01-13 21:53:13,714 INFO o.a.j.e.StandardJMeterEngine: All thread groups have been started
2026-01-13 21:53:13,751 INFO o.a.j.t.JMeterThread: Thread started: Candidate Creation Thread Group 1-1
2026-01-13 21:53:13,753 INFO o.a.j.s.FileServer: Stored: data/candidates.csv
2026-01-13 21:53:13,778 INFO o.a.j.p.h.s.HTTPHCAbstractImpl: Local host = phanttien-msi-modern15
2026-01-13 21:53:13,783 INFO o.a.j.p.h.s.HTTPHC4Impl: HTTP request retry count = 0
2026-01-13 21:53:13,784 INFO o.a.j.s.SampleResult: Note: Sample TimeStamps are START times
2026-01-13 21:53:13,784 INFO o.a.j.s.SampleResult: sampleresult.default.encoding is set to UTF-8
2026-01-13 21:53:13,784 INFO o.a.j.s.SampleResult: sampleresult.useNanoTime=true
2026-01-13 21:53:13,785 INFO o.a.j.s.SampleResult: sampleresult.nanoThreadSleep=5000
2026-01-13 21:53:14,229 INFO o.a.j.t.JMeterThread: Thread is done: Candidate Creation Thread Group 1-1
2026-01-13 21:53:14,229 INFO o.a.j.t.JMeterThread: Thread finished: Candidate Creation Thread Group 1-1
2026-01-13 21:53:14,748 INFO o.a.j.t.JMeterThread: Thread started: Candidate Creation Thread Group 1-2
2026-01-13 21:53:15,100 INFO o.a.j.t.JMeterThread: Thread is done: Candidate Creation Thread Group 1-2
2026-01-13 21:53:15,100 INFO o.a.j.t.JMeterThread: Thread finished: Candidate Creation Thread Group 1-2
2026-01-13 21:53:15,748 INFO o.a.j.t.JMeterThread: Thread started: Candidate Creation Thread Group 1-3
2026-01-13 21:53:16,093 INFO o.a.j.t.JMeterThread: Thread is done: Candidate Creation Thread Group 1-3
2026-01-13 21:53:16,094 INFO o.a.j.t.JMeterThread: Thread finished: Candidate Creation Thread Group 1-3
2026-01-13 21:53:16,747 INFO o.a.j.t.JMeterThread: Thread started: Candidate Creation Thread Group 1-4
2026-01-13 21:53:17,242 INFO o.a.j.t.JMeterThread: Thread is done: Candidate Creation Thread Group 1-4
2026-01-13 21:53:17,242 INFO o.a.j.t.JMeterThread: Thread finished: Candidate Creation Thread Group 1-4
2026-01-13 21:53:17,748 INFO o.a.j.t.JMeterThread: Thread started: Candidate Creation Thread Group 1-5
2026-01-13 21:53:18,093 INFO o.a.j.t.JMeterThread: Thread is done: Candidate Creation Thread Group 1-5
2026-01-13 21:53:18,093 INFO o.a.j.t.JMeterThread: Thread finished: Candidate Creation Thread Group 1-5
2026-01-13 21:53:18,748 INFO o.a.j.t.JMeterThread: Thread started: Candidate Creation Thread Group 1-6
2026-01-13 21:53:19,121 INFO o.a.j.t.JMeterThread: Thread is done: Candidate Creation Thread Group 1-6
2026-01-13 21:53:19,122 INFO o.a.j.t.JMeterThread: Thread finished: Candidate Creation Thread Group 1-6
2026-01-13 21:53:19,746 INFO o.a.j.t.JMeterThread: Thread started: Candidate Creation Thread Group 1-7
2026-01-13 21:53:20,124 INFO o.a.j.t.JMeterThread: Thread is done: Candidate Creation Thread Group 1-7
2026-01-13 21:53:20,124 INFO o.a.j.t.JMeterThread: Thread finished: Candidate Creation Thread Group 1-7
2026-01-13 21:53:20,746 INFO o.a.j.t.JMeterThread: Thread started: Candidate Creation Thread Group 1-8
2026-01-13 21:53:21,098 INFO o.a.j.t.JMeterThread: Thread is done: Candidate Creation Thread Group 1-8
2026-01-13 21:53:21,098 INFO o.a.j.t.JMeterThread: Thread finished: Candidate Creation Thread Group 1-8
2026-01-13 21:53:21,746 INFO o.a.j.t.JMeterThread: Thread started: Candidate Creation Thread Group 1-9
2026-01-13 21:53:22,098 INFO o.a.j.t.JMeterThread: Thread is done: Candidate Creation Thread Group 1-9
2026-01-13 21:53:22,098 INFO o.a.j.t.JMeterThread: Thread finished: Candidate Creation Thread Group 1-9
2026-01-13 21:53:22,746 INFO o.a.j.t.JMeterThread: Thread started: Candidate Creation Thread Group 1-10
2026-01-13 21:53:23,090 INFO o.a.j.t.JMeterThread: Thread is done: Candidate Creation Thread Group 1-10
2026-01-13 21:53:23,090 INFO o.a.j.t.JMeterThread: Thread finished: Candidate Creation Thread Group 1-10
2026-01-13 21:53:23,090 INFO o.a.j.e.StandardJMeterEngine: Notifying test listeners of end of test
2026-01-13 21:53:23,091 INFO o.a.j.s.FileServer: Close: data/candidates.csv
2026-01-13 21:53:23,092 INFO o.a.j.r.Summariser: summary =    100 in 00:00:09 =   10.6/s Avg:    36 Min:    31 Max:    75 Err:     0 (0.00%)
